[professionalprofits.com/index.html]
[backblue.gif]
[fade.gif]
[index.html]
[professionalprofits.com/wp-content/plugins/bdthemes-element-pack/assets/css/bdt-uikitf14a.css]
[professionalprofits.com/feed/index.html]
[professionalprofits.com/comments/feed/index.html]
[professionalprofits.com/wp-content/plugins/bdthemes-element-pack/assets/css/ep-helperfbed.css]
[professionalprofits.com/wp-content/plugins/complianz-gdpr/assets/css/cookieblocker.min1980.css]
[professionalprofits.com/wp-content/themes/vault-child/styleadc6.css]
[professionalprofits.com/wp-content/plugins/elementor/assets/css/frontend-lite.mindcff.css]
[professionalprofits.com/wp-content/uploads/elementor/css/post-366af1.css]
[professionalprofits.com/wp-content/plugins/elementor/assets/lib/swiper/v8/css/swiper.min94a4.css]
[professionalprofits.com/wp-content/plugins/elementor-pro/assets/css/frontend-lite.min4d52.css]
[professionalprofits.com/wp-content/plugins/elementor/assets/lib/font-awesome/css/all.mindcff.css]
[professionalprofits.com/wp-content/plugins/elementor/assets/lib/font-awesome/css/v4-shims.mindcff.css]
[professionalprofits.com/wp-content/uploads/elementor/css/post-31b555.css]
[professionalprofits.com/wp-content/uploads/uicore-globale16c.css]
[professionalprofits.com/wp-content/plugins/uicore-framework/assets/fonts/themify-icons8a54.css]
[professionalprofits.com/wp-content/plugins/elementor/assets/lib/font-awesome/js/v4-shims.mindcff.js]
[professionalprofits.com/wp-includes/js/jquery/jquery.minf43b.js]
[professionalprofits.com/wp-includes/js/jquery/jquery-migrate.min5589.js]
[professionalprofits.com/wp-json/index.html]
[professionalprofits.com/wp-json/wp/v2/pages/31.json]
[professionalprofits.com/xmlrpc0db0.php]
[professionalprofits.com/wp-json/oembed/1.0/embed16ec.json]
[professionalprofits.com/wp-json/oembed/1.0/embed9703]
[professionalprofits.com/wp-content/uploads/2023/10/at-favicon.png]
[professionalprofits.com/wp-content/uploads/2023/10/at-favicon-150x150.png]
[professionalprofits.com/wp-content/uploads/2023/10/at-favicon-300x300.png]
[professionalprofits.com /wp-content/uploads/2024/03/P.P_LOGO_ONLY.png]
[professionalprofits.com/wp-content/plugins/elementor/assets/css/widget-icon-list.min.css]
[professionalprofits.com/wp-content/plugins/elementor-pro/assets/css/widget-nested-carousel.min.css]
[professionalprofits.com/wp-content/uploads/2023/10/hersho.jpg]
[professionalprofits.com/wp-content/uploads/2023/10/hersho2.jpg]
[professionalprofits.com/about-us/index.html]
[professionalprofits.com/wp-content/uploads/2023/10/avatar-2.jpg]
[professionalprofits.com/wp-content/uploads/2023/10/tori-placeholder2-300x300.png]
[professionalprofits.com/wp-content/uploads/2023/10/nikki.jpg]
[professionalprofits.com/wp-content/uploads/2023/10/lesa.jpg]
[professionalprofits.com/wp-content/uploads/2023/10/brain_1f9e0-2.png]
[professionalprofits.com/wp-content/uploads/2023/10/open-hands_1f450.png]
[professionalprofits.com/discord/index.html]
[professionalprofits.com/services/index.html]
[professionalprofits.com/wp-content/uploads/2023/10/bow-and-arrow_1f3f9.png]
[professionalprofits.com/wp-content/uploads/2023/10/eye_1f441-fe0f.png]
[professionalprofits.com/wp-content/uploads/2023/10/graduation-cap_1f393.png]
[professionalprofits.com/contact/index.html]
[professionalprofits.com/wp-content/uploads/2023/10/purple-heart_1f49c.png]
[professionalprofits.com/wp-content/uploads/2023/10/tori-profile-head-1024x943.webp]
[professionalprofits.com/wp-content/uploads/2023/10/toritrades-logo-light.png]
[professionalprofits.com/wp-content/plugins/elementor-pro/assets/css/widget-nav-menu.min.css]
[professionalprofits.com/wp-content/plugins/bdthemes-element-pack/assets/css/ep-fontfbed.css]
[professionalprofits.com/wp-content/plugins/bdthemes-element-pack/assets/css/ep-review-cardfbed.css]
[professionalprofits.com/wp-content/plugins/bdthemes-element-pack/assets/css/ep-togglefbed.css]
[professionalprofits.com/wp-content/uploads/uicore-globale16c.js]
[professionalprofits.com/wp-content/plugins/complianz-gdpr/cookiebanner/js/complianz.minf648.js]
[professionalprofits.com/wp-content/plugins/bdthemes-element-pack/assets/js/bdt-uikit.minf14a.js]
[professionalprofits.com/wp-content/plugins/elementor/assets/js/webpack.runtime.mindcff.js]
[professionalprofits.com/wp-content/plugins/elementor/assets/js/frontend-modules.mindcff.js]
[professionalprofits.com/wp-includes/js/jquery/ui/core.min3f14.js]
[professionalprofits.com/wp-content/plugins/elementor/assets/js/frontend.mindcff.js]
[professionalprofits.com/wp-content/plugins/bdthemes-element-pack/assets/js/modules/ep-toggle.minfbed.js]
[professionalprofits.com/terms-conditions/index.html]
[professionalprofits.com/wp-content/plugins/elementor-pro/assets/lib/smartmenus/jquery.smartmenus.min1576.js]
[professionalprofits.com/refund-policy/index.html]
[professionalprofits.com/wp-content/plugins/bdthemes-element-pack/assets/js/common/helper.minfbed.js]
[professionalprofits.com/wp-content/plugins/elementor-pro/assets/js/webpack-pro.runtime.min4d52.js]
[professionalprofits.com/risk-disclaimer/index.html]
[professionalprofits.com/wp-includes/js/dist/vendor/wp-polyfill-inert.min0226.js]
[professionalprofits.com/privacy-policy/index.html]
[professionalprofits.com/wp-includes/js/dist/vendor/regenerator-runtime.min6c85.js]
[professionalprofits.com/opt-out-preferences/index.html]
[professionalprofits.com/wp-includes/js/dist/vendor/wp-polyfill.min2c7c.js]
[professionalprofits.com/wp-includes/js/dist/hooks.min2757.js]
[professionalprofits.com/wp-includes/js/dist/i18n.minc33c.js]
[professionalprofits.com/wp-content/plugins/elementor-pro/assets/js/frontend.min4d52.js]
[professionalprofits.com/index.html]
[professionalprofits.com/wp-content/plugins/elementor-pro/assets/js/elements-handlers.min4d52.js]
[professionalprofits.com/wp-content/plugins/bdthemes-element-pack/assets/css/bdt-uikitf14a.css]
[professionalprofits.com/wp-content/plugins/bdthemes-element-pack/assets/css/ep-helperfbed.css]
[professionalprofits.com/wp-content/plugins/complianz-gdpr/assets/css/cookieblocker.min1980.css]
[professionalprofits.com/wp-content/themes/vault-child/styleadc6.css]
[professionalprofits.com/wp-content/plugins/elementor/assets/css/frontend-lite.mindcff.css]
[professionalprofits.com/wp-content/uploads/elementor/css/post-366af1.css]
[professionalprofits.com/wp-content/plugins/elementor/assets/lib/swiper/v8/css/swiper.min94a4.css]
[professionalprofits.com/wp-content/plugins/elementor-pro/assets/css/frontend-lite.min4d52.css]
[professionalprofits.com/wp-content/plugins/elementor/assets/lib/font-awesome/webfonts/fa-brands-400.eot]
[professionalprofits.com/wp-content/plugins/elementor/assets/lib/font-awesome/webfonts/fa-brands-400d41d.eot]
[professionalprofits.com/wp-content/plugins/elementor/assets/lib/font-awesome/webfonts/fa-brands-400.woff2]
[professionalprofits.com/wp-content/plugins/elementor/assets/lib/font-awesome/webfonts/fa-brands-400.woff]
[professionalprofits.com/wp-content/plugins/elementor/assets/lib/font-awesome/webfonts/fa-brands-400.ttf]
[professionalprofits.com/wp-content/plugins/elementor/assets/lib/font-awesome/webfonts/fa-regular-400.eot]
[professionalprofits.com/wp-content/plugins/elementor/assets/lib/font-awesome/webfonts/fa-regular-400d41d.eot]
[professionalprofits.com/wp-content/plugins/elementor/assets/lib/font-awesome/webfonts/fa-regular-400.woff2]
[professionalprofits.com/wp-content/plugins/elementor/assets/lib/font-awesome/webfonts/fa-regular-400.woff]
[professionalprofits.com/wp-content/plugins/elementor/assets/lib/font-awesome/webfonts/fa-regular-400.ttf]
[professionalprofits.com/wp-content/plugins/elementor/assets/lib/font-awesome/webfonts/fa-solid-900.eot]
[professionalprofits.com/wp-content/plugins/elementor/assets/lib/font-awesome/webfonts/fa-solid-900d41d.eot]
[professionalprofits.com/wp-content/plugins/elementor/assets/lib/font-awesome/webfonts/fa-solid-900.woff2]
[professionalprofits.com/wp-content/plugins/elementor/assets/lib/font-awesome/webfonts/fa-solid-900.woff]
[professionalprofits.com/wp-content/plugins/elementor/assets/lib/font-awesome/webfonts/fa-solid-900.ttf]
[professionalprofits.com/wp-content/plugins/elementor/assets/lib/font-awesome/css/all.mindcff.css]
[professionalprofits.com/wp-content/plugins/elementor/assets/lib/font-awesome/css/v4-shims.mindcff.css]
[professionalprofits.com/wp-content/uploads/2023/10/tori-trades-learn-to-trade_003.webp]
[professionalprofits.com/wp-content/uploads/elementor/css/post-31b555.css]
[professionalprofits.com/wp-content/plugins/uicore-framework/assets/fonts/uicore-icons0c4c.woff]
[professionalprofits.com/wp-content/uploads/uicore-globale16c.css]
[professionalprofits.com/wp-content/plugins/uicore-framework/assets/fonts/themify9f24.eot]
[professionalprofits.com/wp-content/plugins/uicore-framework/assets/fonts/themifyd41d.eot]
[professionalprofits.com/wp-content/plugins/uicore-framework/assets/fonts/themify9f24.woff]
[professionalprofits.com/wp-content/plugins/uicore-framework/assets/fonts/themify9f24.ttf]
[professionalprofits.com/wp-content/plugins/uicore-framework/assets/fonts/themify-icons8a54.css]
[professionalprofits.com/wp-content/uploads/elementor/css/post-1655ecc.css]
[professionalprofits.com/wp-json/wp/v2/pages/165.json]
[professionalprofits.com/wp-json/oembed/1.0/embed1a4e.json]
[professionalprofits.com/wp-json/oembed/1.0/embedb97a]
[professionalprofits.com/wp-content/uploads/2023/10/tori-trades-learn-to-trade_001.webp]
[professionalprofits.com/wp-content/uploads/2024/03/tori-cal4.webp]
[professionalprofits.com/wp-content/uploads/2023/10/9xeNyJjF5asXz95uwoSUo2WbnW8.mp4]
[professionalprofits.com/wp-content/uploads/2023/10/tori-result1-1024x574.jpg]
[professionalprofits.com/wp-content/uploads/2023/10/fire_1f525.png]
[professionalprofits.com/waitlist-accelerator/index.html]
[professionalprofits.com/wp-content/uploads/2023/10/rocket_1f680.png]
[professionalprofits.com/wp-content/uploads/2023/10/money-bag_1f4b0.png]
[professionalprofits.com/wp-content/uploads/2023/10/chart-increasing_1f4c8.png]
[professionalprofits.com/wp-content/uploads/2023/10/star_2b50.png]
[professionalprofits.com/wp-content/uploads/2023/10/globe-showing-europe-africa_1f30d.png]
[professionalprofits.com/wp-content/uploads/2023/10/dove_1f54a-fe0f.png]
[professionalprofits.com/wp-content/uploads/2023/10/tori-call-screenshot.jpg]
[professionalprofits.com/wp-content/plugins/bdthemes-element-pack/assets/vendor/js/confetti.browser.min13fb.js]
[professionalprofits.com/wp-content/plugins/bdthemes-element-pack/assets/js/modules/ep-confetti-effects.minfbed.js]
[professionalprofits.com/about-us/index.html]
[professionalprofits.com/wp-content/uploads/elementor/css/post-1074eff7.css]
[professionalprofits.com/wp-json/wp/v2/pages/1074.json]
[professionalprofits.com/wp-json/oembed/1.0/embed311d.json]
[professionalprofits.com/wp-json/oembed/1.0/embeda44d]
[professionalprofits.com/wp-content/uploads/2023/10/tori-trades-learn-to-trade_0012.webp]
[professionalprofits.com/wp-content/uploads/2023/10/tori-trades-learn-to-trade_0027.webp]
[professionalprofits.com/wp-content/uploads/2023/11/waving-hand_1f44b.png]
[professionalprofits.com/wp-content/uploads/2023/11/magnifying-glass-tilted-left_1f50d.png]
[professionalprofits.com/wp-content/uploads/2023/11/pencil_270f-fe0f.png]
[professionalprofits.com/wp-content/uploads/2023/11/thinking-face_1f914.png]
[professionalprofits.com/wp-content/uploads/2023/11/open-book_1f4d6.png]
[professionalprofits.com/wp-content/uploads/2023/11/person-walking_1f6b6.png]
[professionalprofits.com/wp-content/uploads/2023/11/Discord-services-Screenshot.png]
[professionalprofits.com/wp-content/uploads/2023/11/e1923c9d041ee63767f09edd38cf8693.jpg]
[professionalprofits.com/wp-content/uploads/2023/11/1971053.original.jpg]
[professionalprofits.com/services/index.html]
[professionalprofits.com/wp-content/uploads/elementor/css/post-1695ae6.css]
[professionalprofits.com/wp-json/wp/v2/pages/169.json]
[professionalprofits.com/wp-json/oembed/1.0/embedd030.json]
[professionalprofits.com/wp-json/oembed/1.0/embed71a1]
[professionalprofits.com/wp-content/uploads/2023/12/tori-discord003-1024x573.webp]
[professionalprofits.com/wp-content/uploads/2023/10/memo_1f4dd.png]
[professionalprofits.com/wp-content/uploads/2023/10/check-mark-button_2705.png]
[professionalprofits.com/wp-content/uploads/2023/10/bell_1f514.png]
[professionalprofits.com/wp-content/plugins/bdthemes-element-pack/assets/css/ep-advanced-icon-boxfbed.css]
[professionalprofits.com/wp-content/plugins/bdthemes-element-pack/assets/js/modules/ep-advanced-icon-box.minfbed.js]
[professionalprofits.com/discord/index.html]
[professionalprofits.com/wp-content/uploads/elementor/css/post-9023a1d.css]
[professionalprofits.com/wp-json/wp/v2/pages/902.json]
[professionalprofits.com/wp-json/oembed/1.0/embedd22a.json]
[professionalprofits.com/wp-json/oembed/1.0/embed3d77]
[www.google.com/recaptcha/api6565.js]
[professionalprofits.com/contact/index.html]
[professionalprofits.com/wp-content/plugins/elementor/assets/css/widget-icon-list.min.css]
[professionalprofits.com/wp-content/plugins/elementor-pro/assets/css/widget-nested-carousel.min.css]
[professionalprofits.com/wp-content/plugins/elementor-pro/assets/css/widget-nav-menu.min.css]
[professionalprofits.com/wp-includes/css/dist/block-library/style.minadc6.css]
[professionalprofits.com/wp-json/wp/v2/pages/910.json]
[professionalprofits.com/wp-json/oembed/1.0/embed70a0.json]
[professionalprofits.com/wp-json/oembed/1.0/embed22ce]
[professionalprofits.com/terms-conditions/index.html]
[professionalprofits.com/refund-policy/index.html]
[professionalprofits.com/wp-json/wp/v2/pages/912.json]
[professionalprofits.com/wp-json/oembed/1.0/embed405f.json]
[professionalprofits.com/wp-json/oembed/1.0/embede32b]
[professionalprofits.com/risk-disclaimer/index.html]
[professionalprofits.com/privacy-policy/index.html]
[professionalprofits.com/opt-out-preferences/index.html]
[professionalprofits.com/wp-content/plugins/bdthemes-element-pack/assets/fonts/element-pack3765.woff2]
[professionalprofits.com/wp-content/plugins/bdthemes-element-pack/assets/fonts/element-pack3765.ttf]
[professionalprofits.com/wp-content/plugins/bdthemes-element-pack/assets/fonts/element-pack3765.woff]
[professionalprofits.com/wp-content/plugins/bdthemes-element-pack/assets/css/ep-fontfbed.css]
[professionalprofits.com/wp-content/plugins/bdthemes-element-pack/assets/css/ep-review-cardfbed.css]
[professionalprofits.com/wp-content/plugins/bdthemes-element-pack/assets/css/ep-togglefbed.css]
[professionalprofits.com/wp-content/plugins/bdthemes-element-pack/images/backgrounds/divider-icon.html]
[professionalprofits.com/wp-content/plugins/bdthemes-element-pack/images/backgrounds/list-bullet.html]
[professionalprofits.com/wp-content/plugins/bdthemes-element-pack/images/backgrounds/form-datalist.html]
[professionalprofits.com/wp-content/plugins/bdthemes-element-pack/assets/images/loading.svg]
[professionalprofits.com/wp-content/plugins/elementor/assets/lib/font-awesome/webfonts/fa-brands-400.svg]
[professionalprofits.com/wp-content/plugins/elementor/assets/lib/font-awesome/webfonts/fa-regular-400.svg]
[professionalprofits.com/wp-content/plugins/elementor/assets/lib/font-awesome/webfonts/fa-solid-900.svg]
[professionalprofits.com/wp-content/uploads/2023/10/Asset-35.svg]
[professionalprofits.com/wp-content/img/select-arrow.html]
[professionalprofits.com/wp-content/plugins/uicore-framework/assets/fonts/themify9f24.svg]
[professionalprofits.com/wp-content/uploads/elementor/css/post-1655ecc.css]
[professionalprofits.com/index17d5.html]
[professionalprofits.com/wp-content/uploads/elementor/css/post-1574aca9.css]
[professionalprofits.com/wp-json/wp/v2/pages/1574.json]
[professionalprofits.com/wp-json/oembed/1.0/embed4047.json]
[professionalprofits.com/wp-json/oembed/1.0/embed5125]
[professionalprofits.com/waitlist-accelerator/index.html]
[link.msgsndr.com/js/form_embed.js]
[professionalprofits.com/wp-content/uploads/elementor/css/post-1074eff7.css]
[professionalprofits.com/index6f0d.html]
[professionalprofits.com/wp-content/uploads/elementor/css/post-1695ae6.css]
[professionalprofits.com/indexff23.html]
[professionalprofits.com/wp-content/plugins/bdthemes-element-pack/assets/css/ep-advanced-icon-boxfbed.css]
[professionalprofits.com/wp-content/uploads/elementor/css/post-9023a1d.css]
[professionalprofits.com/index2f19.html]
[professionalprofits.com/wp-includes/css/dist/block-library/style.minadc6.css]
[professionalprofits.com/index0865.html]
[professionalprofits.com/index94f9.html]
[professionalprofits.com/wp-content/plugins/bdthemes-element-pack/assets/fonts/element-pack3765.svg]
[professionalprofits.com/wp-content/uploads/2023/10/pattern-2.svg]
[professionalprofits.com/wp-content/uploads/elementor/css/post-1574aca9.css]
[professionalprofits.com/index8432.html]
[professionalprofits.com/wp-content/uploads/2023/10/trading-lines2.svg]
